[backblue.gif]
[fade.gif]
[index.html]
[www.nutyx.org/index.html]
[www.nutyx.org/en/index.html]
[www.nutyx.org/favicon.icon]
[www.nutyx.org/en/.html]
[www.nutyx.org/graphics/logo_nutyx_120.png]
[www.nutyx.org/en/news.html]
[www.nutyx.org/en/information.html]
[www.nutyx.org/en/documentation.html]
[www.nutyx.org/en/installation.html]
[www.nutyx.org/en/packages.html]
[www.nutyx.org/en/faq.html]
[www.nutyx.org/en/screenshots.html]
[www.nutyx.org/en/wallpapers.html]
[www.nutyx.org/graphics/fr.gif]
[www.nutyx.org/fr/index.html]
[www.nutyx.org/graphics/xx.gif]
[www.nutyx.org/graphics/thumbup.gif]
[www.nutyx.org/graphics/lamp.gif]
[www.nutyx.org/graphics/smiley.gif]
[www.nutyx.org/graphics/wink.gif]
[www.nutyx.org/en/dictionary.html]
[www.nutyx.org/en/install-offline.html]
[www.nutyx.org/en/build-bot.html]
[www.nutyx.org/graphics/logo_tuxfamily_50.png]
[www.nutyx.org/graphics/abblue.gif]
[www.nutyx.org/en/index.html]
[www.nutyx.org/favicon.html]
[www.nutyx.org/en/.html]
[www.nutyx.org/en/news.html]
[www.nutyx.org/en/information.html]
[www.nutyx.org/en/install.html]
[www.nutyx.org/graphics/documentation/install-bios.jpg]
[www.nutyx.org/en/install-uefi.html]
[www.nutyx.org/graphics/documentation/install-uefi.jpg]
[www.nutyx.org/en/finish-up.html]
[www.nutyx.org/en/base-commands.html]
[www.nutyx.org/graphics/documentation/install-offline.jpg]
[www.nutyx.org/en/grub-install.html]
[www.nutyx.org/graphics/documentation/install-grub.jpg]
[www.nutyx.org/en/nutyx-man.html]
[www.nutyx.org/en/setup-http.html]
[www.nutyx.org/graphics/documentation/setup-http.jpg]
[www.nutyx.org/en/setup-nfs.html]
[www.nutyx.org/graphics/documentation/setup-nfs.jpg]
[www.nutyx.org/en/build-kernel.html]
[www.nutyx.org/en/generate-iso.html]
[www.nutyx.org/graphics/documentation/generate-iso.jpg]
[www.nutyx.org/en/why-contribute.html]
[www.nutyx.org/en/bash-basics.html]
[www.nutyx.org/en/recept.html]
[www.nutyx.org/en/build-package.html]
[www.nutyx.org/en/build-in-chroot.html]
[www.nutyx.org/graphics/documentation/build-in-chroot.jpg]
[www.nutyx.org/en/build-pre.html]
[www.nutyx.org/graphics/caution.gif]
[www.nutyx.org/en/build-pass-1.html]
[www.nutyx.org/en/build-pass-2.html]
[www.nutyx.org/en/build-post.html]
[www.nutyx.org/graphics/documentation/build-pre.jpg]
[www.nutyx.org/en/documentation.html]
[www.nutyx.org/en/installation.html]
[www.nutyx.org/en/packages.html]
[www.nutyx.org/en/graphics/faq/ActivateRoot1.png]
[www.nutyx.org/en/graphics/faq/ActivateRoot2.png]
[www.nutyx.org/en/graphics/faq/ActivateRoot3.png]
[www.nutyx.org/en/faq.html]
[www.nutyx.org/en/screenshots.html]
[www.nutyx.org/en/wallpapers.html]
[www.nutyx.org/fr/.html]
[www.nutyx.org/fr/news.html]
[www.nutyx.org/fr/information.html]
[www.nutyx.org/fr/documentation.html]
[www.nutyx.org/fr/installation.html]
[www.nutyx.org/fr/packages.html]
[www.nutyx.org/fr/faq.html]
[www.nutyx.org/fr/screenshots.html]
[www.nutyx.org/fr/wallpapers.html]
[www.nutyx.org/graphics/gb.gif]
[www.nutyx.org/fr/dictionary.html]
[www.nutyx.org/fr/install-offline.html]
[www.nutyx.org/fr/build-bot.html]
[www.nutyx.org/fr/index.html]
[www.nutyx.org/en/dictionary.html]
[www.nutyx.org/graphics/note.gif]
[www.nutyx.org/en/install-offline.html]
[www.nutyx.org/en/build-bot.html]
[www.nutyx.org/graphics/install/BootBios.png]
[www.nutyx.org/en/graphics/install/SelectLanguage.png]
[www.nutyx.org/en/graphics/install/HowToProceed.png]
[www.nutyx.org/en/graphics/install/CreateYoursPartitions.png]
[www.nutyx.org/en/graphics/install/PartitionTools.png]
[www.nutyx.org/en/graphics/install/PartitionTypeSelection.png]
[www.nutyx.org/en/graphics/install/EmptyDisk1.png]
[www.nutyx.org/en/graphics/install/PartitionCreate1.png]
[www.nutyx.org/en/graphics/install/PartitionCreate2.png]
[www.nutyx.org/en/graphics/install/FormatPartition.png]
[www.nutyx.org/en/graphics/install/AvailableFileSystems.png]
[www.nutyx.org/en/graphics/install/LaunchFormatSda2Btrfs.png]
[www.nutyx.org/en/graphics/install/InstallNuTyX.png]
[www.nutyx.org/en/graphics/install/InstallInProgress.png]
[www.nutyx.org/en/graphics/install/GoodToKnowMBR.png]
[www.nutyx.org/en/graphics/install/Init1.png]
[www.nutyx.org/en/graphics/install/ConfigureEth0.png]
[www.nutyx.org/en/graphics/install/ConfigureUTC.png]
[www.nutyx.org/en/graphics/install/ConfigureDate.png]
[www.nutyx.org/en/graphics/install/ConfigureTime.png]
[www.nutyx.org/en/graphics/install/ConfigureUser.png]
[www.nutyx.org/en/graphics/install/AutomaticUpdate.png]
[www.nutyx.org/en/graphics/install/FirstLogin.png]
[www.nutyx.org/en/install.html]
[www.nutyx.org/graphics/install-uefi/BootUefi.png]
[www.nutyx.org/en/graphics/install-uefi/SelectLanguage.png]
[www.nutyx.org/en/graphics/install-uefi/HowToProceed.png]
[www.nutyx.org/en/graphics/install-uefi/CreateYoursPartitions.png]
[www.nutyx.org/en/graphics/install-uefi/PartitionTypeSelection.png]
[www.nutyx.org/en/graphics/install-uef/EmptyDisk1.png]
[www.nutyx.org/en/graphics/install-uefi/PartitionCreate1.png]
[www.nutyx.org/en/graphics/install-uefi/PartitionCreate2.png]
[www.nutyx.org/en/graphics/install-uefi/PartitionCreate3.png]
[www.nutyx.org/en/graphics/install-uefi/FormatPartition.png]
[www.nutyx.org/en/graphics/install-uefi/LaunchFormatSda3Btrfs.png]
[www.nutyx.org/en/graphics/install-uefi/LaunchFormatSda1vfat.png]
[www.nutyx.org/en/install-uefi.html]
[www.nutyx.org/en/finish-up.html]
[www.nutyx.org/graphics/smiley-cool.gif]
[www.nutyx.org/en/base-commands.html]
[www.nutyx.org/en/graphics/grub-install/SelectLanguage.png]
[www.nutyx.org/en/graphics/grub-install/ConfigureBoot.png]
[www.nutyx.org/en/graphics/grub-install/SelectPartitionForBoot.png]
[www.nutyx.org/en/graphics/grub-install/ModifyGrubCfg.png]
[www.nutyx.org/graphics/grub-install/DefaultGrubCfg.png]
[www.nutyx.org/en/grub-install.html]
[www.nutyx.org/en/nutyx-man.html]
[www.nutyx.org/en/setup-http.html]
[www.nutyx.org/en/setup-nfs.html]
[www.nutyx.org/graphics/smiley-wink.gif]
[www.nutyx.org/graphics/build-kernel/menuprincipal.png]
[www.nutyx.org/graphics/build-kernel/Compile.png]
[www.nutyx.org/en/build-kernel.html]
[www.nutyx.org/en/generate-iso.html]
[www.nutyx.org/en/why-contribute.html]
[www.nutyx.org/en/bash-basics.html]
[www.nutyx.org/graphics/smiley-laughing.gif]
[www.nutyx.org/en/recept.html]
[www.nutyx.org/en/build-package.html]
[www.nutyx.org/en/build-in-chroot.html]
[www.nutyx.org/en/build-pre.html]
[www.nutyx.org/en/build-pass-1.html]
[www.nutyx.org/en/build-pass-2.html]
[www.nutyx.org/en/build-post.html]
[www.nutyx.org/fr/.html]
[www.nutyx.org/fr/news.html]
[www.nutyx.org/fr/information.html]
[www.nutyx.org/fr/install.html]
[www.nutyx.org/fr/install-uefi.html]
[www.nutyx.org/fr/finish-up.html]
[www.nutyx.org/fr/base-commands.html]
[www.nutyx.org/fr/graphics/documentation/base-commands.jpg]
[www.nutyx.org/fr/grub-install.html]
[www.nutyx.org/fr/nutyx-man.html]
[www.nutyx.org/fr/setup-http.html]
[www.nutyx.org/fr/setup-nfs.html]
[www.nutyx.org/fr/setup-firewall.html]
[www.nutyx.org/fr/build-kernel.html]
[www.nutyx.org/fr/generate-iso.html]
[www.nutyx.org/fr/why-contribute.html]
[www.nutyx.org/graphics/documentation/why-contribute.jpg]
[www.nutyx.org/fr/bash-basics.html]
[www.nutyx.org/fr/recept.html]
[www.nutyx.org/graphics/documentation/recept.jpg]
[www.nutyx.org/fr/build-package.html]
[www.nutyx.org/fr/build-in-chroot.html]
[www.nutyx.org/fr/build-pre.html]
[www.nutyx.org/fr/build-pass-1.html]
[www.nutyx.org/fr/build-pass-2.html]
[www.nutyx.org/fr/build-post.html]
[www.nutyx.org/fr/documentation.html]
[www.nutyx.org/fr/installation.html]
[www.nutyx.org/fr/packages.html]
[www.nutyx.org/fr/graphics/faq/ActivateRoot1.png]
[www.nutyx.org/fr/graphics/faq/ActivateRoot2.png]
[www.nutyx.org/fr/graphics/faq/ActivateRoot3.png]
[www.nutyx.org/fr/faq.html]
[www.nutyx.org/fr/screenshots.html]
[www.nutyx.org/fr/wallpapers.html]
[www.nutyx.org/fr/dictionary3393.html]
[www.nutyx.org/fr/dictionaryb313.html]
[www.nutyx.org/fr/dictionary6048.html]
[www.nutyx.org/fr/dictionaryd8c2.html]
[www.nutyx.org/fr/dictionaryd0e7.html]
[www.nutyx.org/fr/dictionary712b.html]
[www.nutyx.org/fr/dictionaryf830.html]
[www.nutyx.org/fr/dictionaryca5d.html]
[www.nutyx.org/fr/dictionary0f96.html]
[www.nutyx.org/fr/dictionary.html]
[www.nutyx.org/fr/install-offline.html]
[www.nutyx.org/fr/build-bot.html]
[www.nutyx.org/en/graphics/install/GoodToKnowMBR.html]
[www.nutyx.org/en/graphics/install-uef/EmptyDisk1.html]
[www.nutyx.org/fr/graphics/install/SelectLanguage.png]
[www.nutyx.org/fr/graphics/install/HowToProceed.png]
[www.nutyx.org/fr/graphics/install/CreateYoursPartitions.png]
[www.nutyx.org/fr/graphics/install/PartitionTools.png]
[www.nutyx.org/fr/graphics/install/PartitionTypeSelection.png]
[www.nutyx.org/fr/graphics/install/EmptyDisk1.png]
[www.nutyx.org/fr/graphics/install/PartitionCreate1.png]
[www.nutyx.org/fr/graphics/install/PartitionCreate2.png]
[www.nutyx.org/fr/graphics/install/FormatPartition.png]
[www.nutyx.org/fr/graphics/install/AvailableFileSystems.png]
[www.nutyx.org/fr/graphics/install/LaunchFormatSda2Btrfs.png]
[www.nutyx.org/fr/graphics/install/InstallNuTyX.png]
[www.nutyx.org/fr/graphics/install/InstallInProgress.png]
[www.nutyx.org/fr/graphics/install/ConfigureBootAfterInstall.png]
[www.nutyx.org/fr/graphics/install/Init1.png]
[www.nutyx.org/fr/graphics/install/ConfigureEth0.png]
[www.nutyx.org/fr/graphics/install/ConfigureUTC.png]
[www.nutyx.org/fr/graphics/install/ConfigureDate.png]
[www.nutyx.org/fr/graphics/install/ConfigureTime.png]
[www.nutyx.org/fr/graphics/install/ConfigureUser.png]
[www.nutyx.org/fr/graphics/install/AutomaticUpdate.png]
[www.nutyx.org/fr/graphics/install/FirstLogin.png]
[www.nutyx.org/fr/install.html]
[www.nutyx.org/fr/graphics/install-uefi/SelectLanguage.png]
[www.nutyx.org/fr/graphics/install-uefi/HowToProceed.png]
[www.nutyx.org/fr/graphics/install-uefi/CreateYoursPartitions.png]
[www.nutyx.org/fr/graphics/install-uefi/PartitionTypeSelection.png]
[www.nutyx.org/fr/graphics/install-uefi/EmptyDisk1.png]
[www.nutyx.org/fr/graphics/install-uefi/PartitionCreate1.png]
[www.nutyx.org/fr/graphics/install-uefi/PartitionCreate2.png]
[www.nutyx.org/fr/graphics/install-uefi/PartitionCreate3.png]
[www.nutyx.org/fr/graphics/install-uefi/FormatPartition.png]
[www.nutyx.org/fr/graphics/install-uefi/LaunchFormatSda3Btrfs.png]
[www.nutyx.org/fr/graphics/install-uefi/LaunchFormatSda1vfat.png]
[www.nutyx.org/fr/install-uefi.html]
[www.nutyx.org/fr/finish-up.html]
[www.nutyx.org/fr/base-commands.html]
[www.nutyx.org/fr/graphics/grub-install/SelectLanguage.png]
[www.nutyx.org/fr/graphics/grub-install/ConfigureBoot.png]
[www.nutyx.org/fr/graphics/grub-install/SelectPartitionForBoot.png]
[www.nutyx.org/fr/graphics/grub-install/ModifyGrubCfg.png]
[www.nutyx.org/fr/grub-install.html]
[www.nutyx.org/fr/nutyx-man.html]
[www.nutyx.org/fr/setup-http.html]
[www.nutyx.org/fr/setup-nfs.html]
[www.nutyx.org/fr/setup-firewall.html]
[www.nutyx.org/fr/build-kernel.html]
[www.nutyx.org/fr/generate-iso.html]
[www.nutyx.org/fr/why-contribute.html]
[www.nutyx.org/fr/bash-basics.html]
[www.nutyx.org/fr/recept.html]
[www.nutyx.org/fr/build-package.html]
[www.nutyx.org/fr/build-in-chroot.html]
[www.nutyx.org/fr/build-pre.html]
[www.nutyx.org/fr/build-pass-1.html]
[www.nutyx.org/fr/build-pass-2.html]
[www.nutyx.org/fr/build-post.html]
[www.nutyx.org/fr/dictionary3393.html]
[www.nutyx.org/fr/dictionaryb313.html]
[www.nutyx.org/fr/dictionary6048.html]
[www.nutyx.org/fr/dictionaryd8c2.html]
[www.nutyx.org/fr/dictionaryd0e7.html]
[www.nutyx.org/fr/dictionary712b.html]
[www.nutyx.org/fr/dictionaryf830.html]
[www.nutyx.org/fr/dictionaryca5d.html]
[www.nutyx.org/fr/dictionary0f96.html]
